// Jest Snapshot v1, https://goo.gl/fbAQLP

exports[`Test CardView Component | onFlipEnd Function Invoke Test Snapshot Match 1`] = `ShallowWrapper {}`;
