// Jest Snapshot v1, https://goo.gl/fbAQLP

exports[`Test CardFlip Component Test Snapshot Match 1`] = `ShallowWrapper {}`;
