// Jest Snapshot v1, https://goo.gl/fbAQLP

exports[`Test HeaderSection Test Snapshot Match 1`] = `ShallowWrapper {}`;
