// Jest Snapshot v1, https://goo.gl/fbAQLP

exports[`Test SingtelApplication Test Snapshot Match 1`] = `ShallowWrapper {}`;
